
> trans-truck@0.0.1 build
> vite build

[36mvite v7.2.7 [32mbuilding ssr environment for production...[36m[39m
transforming...
node.exe : 7:49:01 am 
[vite-plugin-svelte] src/rou
tes/login/+page.svelte:100:8
4 '#' is not a valid href 
attribute
At line:1 char:1
+ & "C:\Program 
Files\nodejs/node.exe" 
"C:\Program 
Files\nodejs/node_mo ...
+ ~~~~~~~~~~~~~~~~~~~~~~~~~~
~~~~~~~~~~~~~~~~~~~~~~~~~~~~
~~~~~~~~~~~~~~~
    + CategoryInfo          
    : NotSpecified: (7:49:  
  01 am [vit... href attr   
 ibute:String) [], Remot    
eException
    + FullyQualifiedErrorId 
    : NativeCommandError
 
https://svelte.dev/e/a11y_in
valid_attribute
 98: <span class="text-sm 
text-slate-600 
dark:text-slate-400 
group-hover:text-slate-900 
dark:group-hover:text-white 
transition-colors">Remember 
me</span>
 99: </label>
100: <a class="text-sm 
font-semibold text-primary 
hover:text-blue-400 
transition-colors" 
href="#">Forgot 
password?</a>
                            
                            
                            
             ^
101: </div>
102: <!-- Sign In Button -->
7:49:01 am 
[vite-plugin-svelte] src/rou
tes/login/+page.svelte:128:9
6 '#' is not a valid href 
attribute
https://svelte.dev/e/a11y_in
valid_attribute
126: <p class="text-center 
text-sm text-slate-600 
dark:text-slate-400 mt-4">
127:                        
 Don't have an account? 
128:                        
 <a class="font-bold 
text-primary 
hover:text-blue-400 
transition-colors" 
href="#">Sign up</a>
                            
                            
                            
                         ^
129: </p>
130: </div>
7:49:01 am 
[vite-plugin-svelte] src/rou
tes/login/+page.svelte:135:5
8 '#' is not a valid href 
attribute
https://svelte.dev/e/a11y_in
valid_attribute
133: <div class="py-6 
text-center">
134: <div class="flex 
justify-center gap-6 
text-xs text-slate-400 
dark:text-slate-600">
135: <a 
class="hover:text-slate-500 
dark:hover:text-slate-300" 
href="#">Privacy Policy</a>
                            
                            
               ^
136: <a 
class="hover:text-slate-500 
dark:hover:text-slate-300" 
href="#">Terms of 
Service</a>
137: </div>
7:49:01 am 
[vite-plugin-svelte] src/rou
tes/login/+page.svelte:136:5
8 '#' is not a valid href 
attribute
https://svelte.dev/e/a11y_in
valid_attribute
134: <div class="flex 
justify-center gap-6 
text-xs text-slate-400 
dark:text-slate-600">
135: <a 
class="hover:text-slate-500 
dark:hover:text-slate-300" 
href="#">Privacy Policy</a>
136: <a 
class="hover:text-slate-500 
dark:hover:text-slate-300" 
href="#">Terms of 
Service</a>
                            
                            
               ^
137: </div>
138: </div>
[32mΓ£ô[39m 189 modules transformed.
rendering chunks...
[36mvite v7.2.7 [32mbuilding client environment for production...[36m[39m
transforming...
7:49:03 am 
[vite-plugin-svelte] src/rou
tes/login/+page.svelte:100:8
4 '#' is not a valid href 
attribute
https://svelte.dev/e/a11y_in
valid_attribute
 98: <span class="text-sm 
text-slate-600 
dark:text-slate-400 
group-hover:text-slate-900 
dark:group-hover:text-white 
transition-colors">Remember 
me</span>
 99: </label>
100: <a class="text-sm 
font-semibold text-primary 
hover:text-blue-400 
transition-colors" 
href="#">Forgot 
password?</a>
                            
                            
                            
             ^
101: </div>
102: <!-- Sign In Button -->
7:49:03 am 
[vite-plugin-svelte] src/rou
tes/login/+page.svelte:128:9
6 '#' is not a valid href 
attribute
https://svelte.dev/e/a11y_in
valid_attribute
126: <p class="text-center 
text-sm text-slate-600 
dark:text-slate-400 mt-4">
127:                        
 Don't have an account? 
128:                        
 <a class="font-bold 
text-primary 
hover:text-blue-400 
transition-colors" 
href="#">Sign up</a>
                            
                            
                            
                         ^
129: </p>
130: </div>
7:49:03 am 
[vite-plugin-svelte] src/rou
tes/login/+page.svelte:135:5
8 '#' is not a valid href 
attribute
https://svelte.dev/e/a11y_in
valid_attribute
133: <div class="py-6 
text-center">
134: <div class="flex 
justify-center gap-6 
text-xs text-slate-400 
dark:text-slate-600">
135: <a 
class="hover:text-slate-500 
dark:hover:text-slate-300" 
href="#">Privacy Policy</a>
                            
                            
               ^
136: <a 
class="hover:text-slate-500 
dark:hover:text-slate-300" 
href="#">Terms of 
Service</a>
137: </div>
7:49:03 am 
[vite-plugin-svelte] src/rou
tes/login/+page.svelte:136:5
8 '#' is not a valid href 
attribute
https://svelte.dev/e/a11y_in
valid_attribute
134: <div class="flex 
justify-center gap-6 
text-xs text-slate-400 
dark:text-slate-600">
135: <a 
class="hover:text-slate-500 
dark:hover:text-slate-300" 
href="#">Privacy Policy</a>
136: <a 
class="hover:text-slate-500 
dark:hover:text-slate-300" 
href="#">Terms of 
Service</a>
                            
                            
               ^
137: </div>
138: </div>
[32mΓ£ô[39m 151 modules transformed.
rendering chunks...
computing gzip size...
[2m.svelte-kit/output/client/[22m[32m_app/version.json                       [39m[1m[2m 0.03 kB[22m[1m[22m[2m Γöé gzip:  0.05 kB[22m
[2m.svelte-kit/output/client/[22m[32m.vite/manifest.json                     [39m[1m[2m 3.33 kB[22m[1m[22m[2m Γöé gzip:  0.61 kB[22m
[2m.svelte-kit/output/client/[22m[35m_app/immutable/assets/0.DlRher_T.css    [39m[1m[2m27.58 kB[22m[1m[22m[2m Γöé gzip:  5.82 kB[22m
[2m.svelte-kit/output/client/[22m[36m_app/immutable/chunks/DEPBGi75.js       [39m[1m[2m 0.04 kB[22m[1m[22m[2m Γöé gzip:  0.06 kB[22m
[2m.svelte-kit/output/client/[22m[36m_app/immutable/entry/start.DLbMaMkv.js  [39m[1m[2m 0.08 kB[22m[1m[22m[2m Γöé gzip:  0.09 kB[22m
[2m.svelte-kit/output/client/[22m[36m_app/immutable/chunks/DvBLC2Y4.js       [39m[1m[2m 0.24 kB[22m[1m[22m[2m Γöé gzip:  0.20 kB[22m
[2m.svelte-kit/output/client/[22m[36m_app/immutable/nodes/2.csvKS_w0.js      [39m[1m[2m 0.32 kB[22m[1m[22m[2m Γöé gzip:  0.24 kB[22m
[2m.svelte-kit/output/client/[22m[36m_app/immutable/nodes/1.1Jgh0tjs.js      [39m[1m[2m 1.02 kB[22m[1m[22m[2m Γöé gzip:  0.58 kB[22m
[2m.svelte-kit/output/client/[22m[36m_app/immutable/chunks/BnKcIh8r.js       [39m[1m[2m 1.06 kB[22m[1m[22m[2m Γöé gzip:  0.61 kB[22m
[2m.svelte-kit/output/client/[22m[36m_app/immutable/chunks/BK6sXOLW.js       [39m[1m[2m 1.53 kB[22m[1m[22m[2m Γöé gzip:  0.67 kB[22m
[2m.svelte-kit/output/client/[22m[36m_app/immutable/nodes/0.CyVGezVg.js      [39m[1m[2m 3.15 kB[22m[1m[22m[2m Γöé gzip:  1.44 kB[22m
[2m.svelte-kit/output/client/[22m[36m_app/immutable/chunks/CI3Wu3_m.js       [39m[1m[2m 5.28 kB[22m[1m[22m[2m Γöé gzip:  2.42 kB[22m
[2m.svelte-kit/output/client/[22m[36m_app/immutable/entry/app.DoClT-W8.js    [39m[1m[2m 6.97 kB[22m[1m[22m[2m Γöé gzip:  3.24 kB[22m
[2m.svelte-kit/output/client/[22m[36m_app/immutable/nodes/3.Zfqk0UBW.js      [39m[1m[2m14.40 kB[22m[1m[22m[2m Γöé gzip:  4.87 kB[22m
[2m.svelte-kit/output/client/[22m[36m_app/immutable/chunks/CxmgvaLK.js       [39m[1m[2m21.61 kB[22m[1m[22m[2m Γöé gzip:  8.46 kB[22m
[2m.svelte-kit/output/client/[22m[36m_app/immutable/chunks/BMp9iX4B.js       [39m[1m[2m26.13 kB[22m[1m[22m[2m Γöé gzip: 10.28 kB[22m
[32mΓ£ô built in 1.43s[39m
[2m.svelte-kit/output/server/[22m[32m.vite/manifest.json                         [39m[1m[2m  2.84 kB[22m[1m[22m
[2m.svelte-kit/output/server/[22m[35m_app/immutable/assets/_layout.TTW9p7hR.css  [39m[1m[2m 27.48 kB[22m[1m[22m
[2m.svelte-kit/output/server/[22m[36mentries/pages/_page.svelte.js               [39m[1m[2m  0.23 kB[22m[1m[22m
[2m.svelte-kit/output/server/[22m[36minternal.js                                 [39m[1m[2m  0.33 kB[22m[1m[22m
[2m.svelte-kit/output/server/[22m[36mchunks/environment.js                       [39m[1m[2m  0.66 kB[22m[1m[22m
[2m.svelte-kit/output/server/[22m[36mchunks/utils.js                             [39m[1m[2m  1.15 kB[22m[1m[22m
[2m.svelte-kit/output/server/[22m[36mchunks/equality.js                          [39m[1m[2m  1.23 kB[22m[1m[22m
[2m.svelte-kit/output/server/[22m[36mentries/fallbacks/error.svelte.js           [39m[1m[2m  1.37 kB[22m[1m[22m
[2m.svelte-kit/output/server/[22m[36mchunks/context.js                           [39m[1m[2m  1.70 kB[22m[1m[22m
[2m.svelte-kit/output/server/[22m[36mentries/pages/_layout.svelte.js             [39m[1m[2m  2.48 kB[22m[1m[22m
[2m.svelte-kit/output/server/[22m[36mchunks/exports.js                           [39m[1m[2m  6.94 kB[22m[1m[22m
[2m.svelte-kit/output/server/[22m[36mentries/pages/login/_page.svelte.js         [39m[1m[2m 14.35 kB[22m[1m[22m
[2m.svelte-kit/output/server/[22m[36mchunks/shared.js                            [39m[1m[2m 17.70 kB[22m[1m[22m
[2m.svelte-kit/output/server/[22m[36mremote-entry.js                             [39m[1m[2m 18.83 kB[22m[1m[22m
[2m.svelte-kit/output/server/[22m[36mchunks/index.js                             [39m[1m[2m 28.66 kB[22m[1m[22m
[2m.svelte-kit/output/server/[22m[36mchunks/internal.js                          [39m[1m[2m 75.83 kB[22m[1m[22m
[2m.svelte-kit/output/server/[22m[36mindex.js                                    [39m[1m[2m126.61 kB[22m[1m[22m
[32mΓ£ô built in 4.52s[39m

Run npm run preview to preview your production build locally.

> Using @sveltejs/adapter-static
  @sveltejs/adapter-static: 
all routes must be fully 
prerenderable, but found 
the following routes that 
are dynamic:
    - src\routes/
    - src\routes/login
  
  You have the following 
options:
    - set the `fallback` 
option ΓÇö see https://svelt
e.dev/docs/kit/single-page-a
pps#usage for more info.
    - add `export const 
prerender = true` to your 
root `+layout.js/.ts` or 
`+layout.server.js/.ts` 
file. This will try to 
prerender all pages.
    - add `export const 
prerender = true` to any 
`+server.js/ts` files that 
are not fetched by page 
`load` functions.
  
    - pass `strict: false` 
to `adapter-static` to 
ignore this error. Only do 
this if you are sure you 
don't need the routes in 
question in your final app, 
as they will be 
unavailable. See https://git
hub.com/sveltejs/kit/tree/ma
in/packages/adapter-static#s
trict for more info.
  
  If this doesn't help, you 
may need to use a different 
adapter. 
@sveltejs/adapter-static 
can only be used for sites 
that don't need a server 
for dynamic rendering, and 
can run on just a static 
file server.
  See https://svelte.dev/doc
s/kit/page-options#prerender
 for more details
[31merror during build:
Error: Encountered dynamic 
routes
    at adapt (file:///D:/cod
e2/trans%20truck/trans%20tru
ck/node_modules/@sveltejs/ad
apter-static/index.js:38:12)
    at adapt (file:///D:/cod
e2/trans%20truck/trans%20tru
ck/node_modules/@sveltejs/ki
t/src/core/adapt/index.js:41
:8)
    at finalise (file:///D:/
code2/trans%20truck/trans%20
truck/node_modules/@sveltejs
/kit/src/exports/vite/index.
js:1326:13)
    at async Object.handler 
(file:///D:/code2/trans%20tr
uck/trans%20truck/node_modul
es/@sveltejs/kit/src/exports
/vite/index.js:1357:5)
    at async 
PluginDriver.hookParallel (f
ile:///D:/code2/trans%20truc
k/trans%20truck/node_modules
/rollup/dist/es/shared/node-
entry.js:22355:17)
    at async Object.close (f
ile:///D:/code2/trans%20truc
k/trans%20truck/node_modules
/rollup/dist/es/shared/node-
entry.js:23374:13)
    at async 
buildEnvironment (file:///D:
/code2/trans%20truck/trans%2
0truck/node_modules/vite/dis
t/node/chunks/config.js:3355
4:15)
    at async Object.build (f
ile:///D:/code2/trans%20truc
k/trans%20truck/node_modules
/vite/dist/node/chunks/confi
g.js:33899:19)
    at async 
Object.buildApp (file:///D:/
code2/trans%20truck/trans%20
truck/node_modules/vite/dist
/node/chunks/config.js:33896
:153)
    at async 
CAC.<anonymous> (file:///D:/
code2/trans%20truck/trans%20
truck/node_modules/vite/dist
/node/cli.js:629:3)[39m
